// Jest Snapshot v1, https://goo.gl/fbAQLP

exports[`<FilterInput /> should match snapshot 1`] = `
<div>
  <label>
    Test
    <input
      onChange={[Function]}
      type="number"
    />
  </label>
</div>
`;
