// Jest Snapshot v1, https://goo.gl/fbAQLP

exports[`<App /> should match snapshot 1`] = `
<BrowserRouter>
  <div
    className="app-container"
  >
    <Nav />
    <Switch>
      <Route
        path="/forecast"
      >
        <Forecast />
      </Route>
      <Route
        path="/"
      >
        <Home />
      </Route>
    </Switch>
  </div>
</BrowserRouter>
`;
