// Jest Snapshot v1, https://goo.gl/fbAQLP

exports[`<Nav /> should match snapshot 1`] = `
<nav>
  <Link
    to="/"
  >
    Home
  </Link>
   
  <Link
    to="/forecast"
  >
    Forecast
  </Link>
</nav>
`;
